Turbo Assembler	 Version 4.1	    02/09/26 22:37:50	    Page 1
ramochka.asm



      1	0000			     .model tiny
      2	0000			     .code
      3				     org 100h
      4
      5	0100  B8 B800		     Start:		     mov ax, 0b800h
      6	0103  8E C0					     mov es, ax
      7	0105  B9 07D0					     mov cx, 2000
      8	0108  BB 0000					     mov bx, 0000h
      9
     10	010B  26: C7 07	4E03	     Cycle:		     mov es: word ptr [bx], 4e03h
     11	0110  83 C3 02					     add bx, 02h
     12	0113  E2 F6					     loop Cycle
     13
     14	0115  B8 4C00					     mov ax, 4c00h
     15	0118  CD 21					     int 21h
     16				     end		     Start
Turbo Assembler	 Version 4.1	    02/09/26 22:37:50	    Page 2
Symbol Table




Symbol Name			  Type	 Value

??DATE				  Text	 "02/09/26"
??FILENAME			  Text	 "ramochka"
??TIME				  Text	 "22:37:49"
??VERSION			  Number 040A
@32BIT				  Text	 0
@CODE				  Text	 DGROUP
@CODESIZE			  Text	 0
@CPU				  Text	 0101H
@CURSEG				  Text	 _TEXT
@DATA				  Text	 DGROUP
@DATASIZE			  Text	 0
@FILENAME			  Text	 RAMOCHKA
@INTERFACE			  Text	 000H
@MODEL				  Text	 1
@STACK				  Text	 DGROUP
@WORDSIZE			  Text	 2
CYCLE				  Near	 DGROUP:010B
START				  Near	 DGROUP:0100

Groups & Segments		  Bit Size Align  Combine Class

DGROUP				  Group
  _DATA				  16  0000 Word	  Public  DATA
  _TEXT				  16  011A Word	  Public  CODE
